// Jest Snapshot v1, https://goo.gl/fbAQLP

exports[`ArticleList tests renders correctly 1`] = `
<div>
  <ul
    class="list"
  >
    <li
      class="article"
    >
      <section
        class="container"
      >
        <img
          alt="The Statue of Liberty's torch heads to new museum"
          class="image"
          src="https://cdn.cnn.com/cnnnext/dam/assets/181122102925-statue-of-liberty-crown-super-169.jpg"
        />
        <h1
          class="title"
        >
          The Statue of Liberty's torch heads to new museum
        </h1>
        <button
          class="toggleButton"
        >
          Show more
        </button>
      </section>
    </li>
    <li
      class="article"
    >
      <section
        class="container"
      >
        <img
          alt="You can take a pie on a plane"
          class="image"
          src="https://cdn.cnn.com/cnnnext/dam/assets/170321135754-airport-security-line-file-super-169.jpg"
        />
        <h1
          class="title"
        >
          You can take a pie on a plane
        </h1>
        <button
          class="toggleButton"
        >
          Show more
        </button>
      </section>
    </li>
    <li
      class="article"
    >
      <section
        class="container"
      >
        <img
          alt="Butter is back, just in time for the holidays"
          class="image"
          src="https://cdn.cnn.com/cnnnext/dam/assets/181119170125-ploughgate-creamery-butter-ball-super-169.jpg"
        />
        <h1
          class="title"
        >
          Butter is back, just in time for the holidays
        </h1>
        <button
          class="toggleButton"
        >
          Show more
        </button>
      </section>
    </li>
  </ul>
</div>
`;
